// Jest Snapshot v1, https://goo.gl/fbAQLP

exports[`end to end works 1`] = `
Array [
  Datum {
    "calculatedValues": Object {
      "heading": null,
      "speed": null,
      "vario": null,
    },
    "heading": Quantity {
      "unit": Degree {
        "name": "degree",
        "symbol": "°",
      },
      "value": 0,
    },
    "position": Position {
      "altitude": Quantity {
        "unit": Meter {
          "name": "meter",
          "symbol": "m",
        },
        "value": 3148,
      },
      "latitude": Quantity {
        "unit": Degree {
          "name": "degree",
          "symbol": "°",
        },
        "value": -27.889466666666667,
      },
      "longitude": Quantity {
        "unit": Degree {
          "name": "degree",
          "symbol": "°",
        },
        "value": 26.3372,
      },
    },
    "speed": Quantity {
      "unit": Speed {
        "durationUnit": Hour {
          "name": "hour",
          "symbol": "h",
        },
        "lengthUnit": Kilometer {
          "name": "kilometer",
          "symbol": "km",
        },
        "name": "kilometer per hour",
        "symbol": "km/h",
      },
      "value": 0,
    },
    "state": "stopped",
    "timestamp": 2019-11-28T10:17:10.000Z,
    "vario": Quantity {
      "unit": Speed {
        "durationUnit": Second {
          "name": "second",
          "symbol": "s",
        },
        "lengthUnit": Meter {
          "name": "meter",
          "symbol": "m",
        },
        "name": "meter per second",
        "symbol": "m/s",
      },
      "value": 0,
    },
  },
  Datum {
    "calculatedValues": Object {
      "heading": Quantity {
        "unit": Degree {
          "name": "degree",
          "symbol": "°",
        },
        "value": 0,
      },
      "speed": Quantity {
        "unit": Speed {
          "durationUnit": Millisecond {
            "name": "millisecond",
            "symbol": "ms",
          },
          "lengthUnit": Meter {
            "name": "meter",
            "symbol": "m",
          },
          "name": "meter per millisecond",
          "symbol": "m/ms",
        },
        "value": 0,
      },
      "vario": Quantity {
        "unit": Speed {
          "durationUnit": Millisecond {
            "name": "millisecond",
            "symbol": "ms",
          },
          "lengthUnit": Meter {
            "name": "meter",
            "symbol": "m",
          },
          "name": "meter per millisecond",
          "symbol": "m/ms",
        },
        "value": 0,
      },
    },
    "heading": Quantity {
      "unit": Degree {
        "name": "degree",
        "symbol": "°",
      },
      "value": 0,
    },
    "position": Position {
      "altitude": Quantity {
        "unit": Meter {
          "name": "meter",
          "symbol": "m",
        },
        "value": 3148,
      },
      "latitude": Quantity {
        "unit": Degree {
          "name": "degree",
          "symbol": "°",
        },
        "value": -27.889083333333332,
      },
      "longitude": Quantity {
        "unit": Degree {
          "name": "degree",
          "symbol": "°",
        },
        "value": 26.337333333333333,
      },
    },
    "speed": Quantity {
      "unit": Speed {
        "durationUnit": Millisecond {
          "name": "millisecond",
          "symbol": "ms",
        },
        "lengthUnit": Meter {
          "name": "meter",
          "symbol": "m",
        },
        "name": "meter per millisecond",
        "symbol": "m/ms",
      },
      "value": 0,
    },
    "state": "stopped",
    "timestamp": 2019-11-28T10:17:11.000Z,
    "vario": Quantity {
      "unit": Speed {
        "durationUnit": Millisecond {
          "name": "millisecond",
          "symbol": "ms",
        },
        "lengthUnit": Meter {
          "name": "meter",
          "symbol": "m",
        },
        "name": "meter per millisecond",
        "symbol": "m/ms",
      },
      "value": 0,
    },
  },
  Datum {
    "calculatedValues": Object {
      "heading": Quantity {
        "unit": Degree {
          "name": "degree",
          "symbol": "°",
        },
        "value": 15.0561458263914,
      },
      "speed": Quantity {
        "unit": Speed {
          "durationUnit": Millisecond {
            "name": "millisecond",
            "symbol": "ms",
          },
          "lengthUnit": Meter {
            "name": "meter",
            "symbol": "m",
          },
          "name": "meter per millisecond",
          "symbol": "m/ms",
        },
        "value": 0.04414003130976035,
      },
      "vario": Quantity {
        "unit": Speed {
          "durationUnit": Millisecond {
            "name": "millisecond",
            "symbol": "ms",
          },
          "lengthUnit": Meter {
            "name": "meter",
            "symbol": "m",
          },
          "name": "meter per millisecond",
          "symbol": "m/ms",
        },
        "value": -0.001,
      },
    },
    "heading": Quantity {
      "unit": Degree {
        "name": "degree",
        "symbol": "°",
      },
      "value": 15.0561458263914,
    },
    "position": Position {
      "altitude": Quantity {
        "unit": Meter {
          "name": "meter",
          "symbol": "m",
        },
        "value": 3147,
      },
      "latitude": Quantity {
        "unit": Degree {
          "name": "degree",
          "symbol": "°",
        },
        "value": -27.8887,
      },
      "longitude": Quantity {
        "unit": Degree {
          "name": "degree",
          "symbol": "°",
        },
        "value": 26.33745,
      },
    },
    "speed": Quantity {
      "unit": Speed {
        "durationUnit": Millisecond {
          "name": "millisecond",
          "symbol": "ms",
        },
        "lengthUnit": Meter {
          "name": "meter",
          "symbol": "m",
        },
        "name": "meter per millisecond",
        "symbol": "m/ms",
      },
      "value": 0.04414003130976035,
    },
    "state": "stopped",
    "timestamp": 2019-11-28T10:17:12.000Z,
    "vario": Quantity {
      "unit": Speed {
        "durationUnit": Millisecond {
          "name": "millisecond",
          "symbol": "ms",
        },
        "lengthUnit": Meter {
          "name": "meter",
          "symbol": "m",
        },
        "name": "meter per millisecond",
        "symbol": "m/ms",
      },
      "value": -0.001,
    },
  },
  Datum {
    "calculatedValues": Object {
      "heading": Quantity {
        "unit": Degree {
          "name": "degree",
          "symbol": "°",
        },
        "value": 17.08896612619867,
      },
      "speed": Quantity {
        "unit": Speed {
          "durationUnit": Millisecond {
            "name": "millisecond",
            "symbol": "ms",
          },
          "lengthUnit": Meter {
            "name": "meter",
            "symbol": "m",
          },
          "name": "meter per millisecond",
          "symbol": "m/ms",
        },
        "value": 0.04459360525735536,
      },
      "vario": Quantity {
        "unit": Speed {
          "durationUnit": Millisecond {
            "name": "millisecond",
            "symbol": "ms",
          },
          "lengthUnit": Meter {
            "name": "meter",
            "symbol": "m",
          },
          "name": "meter per millisecond",
          "symbol": "m/ms",
        },
        "value": -0.001,
      },
    },
    "heading": Quantity {
      "unit": Degree {
        "name": "degree",
        "symbol": "°",
      },
      "value": 17.08896612619867,
    },
    "position": Position {
      "altitude": Quantity {
        "unit": Meter {
          "name": "meter",
          "symbol": "m",
        },
        "value": 3146,
      },
      "latitude": Quantity {
        "unit": Degree {
          "name": "degree",
          "symbol": "°",
        },
        "value": -27.888316666666668,
      },
      "longitude": Quantity {
        "unit": Degree {
          "name": "degree",
          "symbol": "°",
        },
        "value": 26.337583333333335,
      },
    },
    "speed": Quantity {
      "unit": Speed {
        "durationUnit": Millisecond {
          "name": "millisecond",
          "symbol": "ms",
        },
        "lengthUnit": Meter {
          "name": "meter",
          "symbol": "m",
        },
        "name": "meter per millisecond",
        "symbol": "m/ms",
      },
      "value": 0.04459360525735536,
    },
    "state": "gliding",
    "timestamp": 2019-11-28T10:17:13.000Z,
    "vario": Quantity {
      "unit": Speed {
        "durationUnit": Millisecond {
          "name": "millisecond",
          "symbol": "ms",
        },
        "lengthUnit": Meter {
          "name": "meter",
          "symbol": "m",
        },
        "name": "meter per millisecond",
        "symbol": "m/ms",
      },
      "value": -0.001,
    },
  },
  Datum {
    "calculatedValues": Object {
      "heading": Quantity {
        "unit": Degree {
          "name": "degree",
          "symbol": "°",
        },
        "value": 17.817641700580907,
      },
      "speed": Quantity {
        "unit": Speed {
          "durationUnit": Millisecond {
            "name": "millisecond",
            "symbol": "ms",
          },
          "lengthUnit": Meter {
            "name": "meter",
            "symbol": "m",
          },
          "name": "meter per millisecond",
          "symbol": "m/ms",
        },
        "value": 0.04282565231374923,
      },
      "vario": Quantity {
        "unit": Speed {
          "durationUnit": Millisecond {
            "name": "millisecond",
            "symbol": "ms",
          },
          "lengthUnit": Meter {
            "name": "meter",
            "symbol": "m",
          },
          "name": "meter per millisecond",
          "symbol": "m/ms",
        },
        "value": -0.001,
      },
    },
    "heading": Quantity {
      "unit": Degree {
        "name": "degree",
        "symbol": "°",
      },
      "value": 17.817641700580907,
    },
    "position": Position {
      "altitude": Quantity {
        "unit": Meter {
          "name": "meter",
          "symbol": "m",
        },
        "value": 3145,
      },
      "latitude": Quantity {
        "unit": Degree {
          "name": "degree",
          "symbol": "°",
        },
        "value": -27.88795,
      },
      "longitude": Quantity {
        "unit": Degree {
          "name": "degree",
          "symbol": "°",
        },
        "value": 26.337716666666665,
      },
    },
    "speed": Quantity {
      "unit": Speed {
        "durationUnit": Millisecond {
          "name": "millisecond",
          "symbol": "ms",
        },
        "lengthUnit": Meter {
          "name": "meter",
          "symbol": "m",
        },
        "name": "meter per millisecond",
        "symbol": "m/ms",
      },
      "value": 0.04282565231374923,
    },
    "state": "gliding",
    "timestamp": 2019-11-28T10:17:14.000Z,
    "vario": Quantity {
      "unit": Speed {
        "durationUnit": Millisecond {
          "name": "millisecond",
          "symbol": "ms",
        },
        "lengthUnit": Meter {
          "name": "meter",
          "symbol": "m",
        },
        "name": "meter per millisecond",
        "symbol": "m/ms",
      },
      "value": -0.001,
    },
  },
  Datum {
    "calculatedValues": Object {
      "heading": Quantity {
        "unit": Degree {
          "name": "degree",
          "symbol": "°",
        },
        "value": 16.416127186651977,
      },
      "speed": Quantity {
        "unit": Speed {
          "durationUnit": Millisecond {
            "name": "millisecond",
            "symbol": "ms",
          },
          "lengthUnit": Meter {
            "name": "meter",
            "symbol": "m",
          },
          "name": "meter per millisecond",
          "symbol": "m/ms",
        },
        "value": 0.046368258968590724,
      },
      "vario": Quantity {
        "unit": Speed {
          "durationUnit": Millisecond {
            "name": "millisecond",
            "symbol": "ms",
          },
          "lengthUnit": Meter {
            "name": "meter",
            "symbol": "m",
          },
          "name": "meter per millisecond",
          "symbol": "m/ms",
        },
        "value": -0.002,
      },
    },
    "heading": Quantity {
      "unit": Degree {
        "name": "degree",
        "symbol": "°",
      },
      "value": 16.416127186651977,
    },
    "position": Position {
      "altitude": Quantity {
        "unit": Meter {
          "name": "meter",
          "symbol": "m",
        },
        "value": 3143,
      },
      "latitude": Quantity {
        "unit": Degree {
          "name": "degree",
          "symbol": "°",
        },
        "value": -27.88755,
      },
      "longitude": Quantity {
        "unit": Degree {
          "name": "degree",
          "symbol": "°",
        },
        "value": 26.33785,
      },
    },
    "speed": Quantity {
      "unit": Speed {
        "durationUnit": Millisecond {
          "name": "millisecond",
          "symbol": "ms",
        },
        "lengthUnit": Meter {
          "name": "meter",
          "symbol": "m",
        },
        "name": "meter per millisecond",
        "symbol": "m/ms",
      },
      "value": 0.046368258968590724,
    },
    "state": "gliding",
    "timestamp": 2019-11-28T10:17:15.000Z,
    "vario": Quantity {
      "unit": Speed {
        "durationUnit": Millisecond {
          "name": "millisecond",
          "symbol": "ms",
        },
        "lengthUnit": Meter {
          "name": "meter",
          "symbol": "m",
        },
        "name": "meter per millisecond",
        "symbol": "m/ms",
      },
      "value": -0.002,
    },
  },
  Datum {
    "calculatedValues": Object {
      "heading": Quantity {
        "unit": Degree {
          "name": "degree",
          "symbol": "°",
        },
        "value": 21.021308758379405,
      },
      "speed": Quantity {
        "unit": Speed {
          "durationUnit": Millisecond {
            "name": "millisecond",
            "symbol": "ms",
          },
          "lengthUnit": Meter {
            "name": "meter",
            "symbol": "m",
          },
          "name": "meter per millisecond",
          "symbol": "m/ms",
        },
        "value": 0.04566384273627901,
      },
      "vario": Quantity {
        "unit": Speed {
          "durationUnit": Millisecond {
            "name": "millisecond",
            "symbol": "ms",
          },
          "lengthUnit": Meter {
            "name": "meter",
            "symbol": "m",
          },
          "name": "meter per millisecond",
          "symbol": "m/ms",
        },
        "value": -0.001,
      },
    },
    "heading": Quantity {
      "unit": Degree {
        "name": "degree",
        "symbol": "°",
      },
      "value": 21.021308758379405,
    },
    "position": Position {
      "altitude": Quantity {
        "unit": Meter {
          "name": "meter",
          "symbol": "m",
        },
        "value": 3142,
      },
      "latitude": Quantity {
        "unit": Degree {
          "name": "degree",
          "symbol": "°",
        },
        "value": -27.887166666666666,
      },
      "longitude": Quantity {
        "unit": Degree {
          "name": "degree",
          "symbol": "°",
        },
        "value": 26.338016666666668,
      },
    },
    "speed": Quantity {
      "unit": Speed {
        "durationUnit": Millisecond {
          "name": "millisecond",
          "symbol": "ms",
        },
        "lengthUnit": Meter {
          "name": "meter",
          "symbol": "m",
        },
        "name": "meter per millisecond",
        "symbol": "m/ms",
      },
      "value": 0.04566384273627901,
    },
    "state": "gliding",
    "timestamp": 2019-11-28T10:17:16.000Z,
    "vario": Quantity {
      "unit": Speed {
        "durationUnit": Millisecond {
          "name": "millisecond",
          "symbol": "ms",
        },
        "lengthUnit": Meter {
          "name": "meter",
          "symbol": "m",
        },
        "name": "meter per millisecond",
        "symbol": "m/ms",
      },
      "value": -0.001,
    },
  },
  Datum {
    "calculatedValues": Object {
      "heading": Quantity {
        "unit": Degree {
          "name": "degree",
          "symbol": "°",
        },
        "value": 24.756817532767172,
      },
      "speed": Quantity {
        "unit": Speed {
          "durationUnit": Millisecond {
            "name": "millisecond",
            "symbol": "ms",
          },
          "lengthUnit": Meter {
            "name": "meter",
            "symbol": "m",
          },
          "name": "meter per millisecond",
          "symbol": "m/ms",
        },
        "value": 0.04693876535287894,
      },
      "vario": Quantity {
        "unit": Speed {
          "durationUnit": Millisecond {
            "name": "millisecond",
            "symbol": "ms",
          },
          "lengthUnit": Meter {
            "name": "meter",
            "symbol": "m",
          },
          "name": "meter per millisecond",
          "symbol": "m/ms",
        },
        "value": -0.002,
      },
    },
    "heading": Quantity {
      "unit": Degree {
        "name": "degree",
        "symbol": "°",
      },
      "value": 24.756817532767172,
    },
    "position": Position {
      "altitude": Quantity {
        "unit": Meter {
          "name": "meter",
          "symbol": "m",
        },
        "value": 3140,
      },
      "latitude": Quantity {
        "unit": Degree {
          "name": "degree",
          "symbol": "°",
        },
        "value": -27.886783333333334,
      },
      "longitude": Quantity {
        "unit": Degree {
          "name": "degree",
          "symbol": "°",
        },
        "value": 26.338216666666668,
      },
    },
    "speed": Quantity {
      "unit": Speed {
        "durationUnit": Millisecond {
          "name": "millisecond",
          "symbol": "ms",
        },
        "lengthUnit": Meter {
          "name": "meter",
          "symbol": "m",
        },
        "name": "meter per millisecond",
        "symbol": "m/ms",
      },
      "value": 0.04693876535287894,
    },
    "state": "gliding",
    "timestamp": 2019-11-28T10:17:17.000Z,
    "vario": Quantity {
      "unit": Speed {
        "durationUnit": Millisecond {
          "name": "millisecond",
          "symbol": "ms",
        },
        "lengthUnit": Meter {
          "name": "meter",
          "symbol": "m",
        },
        "name": "meter per millisecond",
        "symbol": "m/ms",
      },
      "value": -0.002,
    },
  },
  Datum {
    "calculatedValues": Object {
      "heading": Quantity {
        "unit": Degree {
          "name": "degree",
          "symbol": "°",
        },
        "value": 23.8424371501697,
      },
      "speed": Quantity {
        "unit": Speed {
          "durationUnit": Millisecond {
            "name": "millisecond",
            "symbol": "ms",
          },
          "lengthUnit": Meter {
            "name": "meter",
            "symbol": "m",
          },
          "name": "meter per millisecond",
          "symbol": "m/ms",
        },
        "value": 0.048627912690063745,
      },
      "vario": Quantity {
        "unit": Speed {
          "durationUnit": Millisecond {
            "name": "millisecond",
            "symbol": "ms",
          },
          "lengthUnit": Meter {
            "name": "meter",
            "symbol": "m",
          },
          "name": "meter per millisecond",
          "symbol": "m/ms",
        },
        "value": -0.001,
      },
    },
    "heading": Quantity {
      "unit": Degree {
        "name": "degree",
        "symbol": "°",
      },
      "value": 23.8424371501697,
    },
    "position": Position {
      "altitude": Quantity {
        "unit": Meter {
          "name": "meter",
          "symbol": "m",
        },
        "value": 3139,
      },
      "latitude": Quantity {
        "unit": Degree {
          "name": "degree",
          "symbol": "°",
        },
        "value": -27.886383333333335,
      },
      "longitude": Quantity {
        "unit": Degree {
          "name": "degree",
          "symbol": "°",
        },
        "value": 26.338416666666667,
      },
    },
    "speed": Quantity {
      "unit": Speed {
        "durationUnit": Millisecond {
          "name": "millisecond",
          "symbol": "ms",
        },
        "lengthUnit": Meter {
          "name": "meter",
          "symbol": "m",
        },
        "name": "meter per millisecond",
        "symbol": "m/ms",
      },
      "value": 0.048627912690063745,
    },
    "state": "gliding",
    "timestamp": 2019-11-28T10:17:18.000Z,
    "vario": Quantity {
      "unit": Speed {
        "durationUnit": Millisecond {
          "name": "millisecond",
          "symbol": "ms",
        },
        "lengthUnit": Meter {
          "name": "meter",
          "symbol": "m",
        },
        "name": "meter per millisecond",
        "symbol": "m/ms",
      },
      "value": -0.001,
    },
  },
  Datum {
    "calculatedValues": Object {
      "heading": Quantity {
        "unit": Degree {
          "name": "degree",
          "symbol": "°",
        },
        "value": 25.583584219876457,
      },
      "speed": Quantity {
        "unit": Speed {
          "durationUnit": Millisecond {
            "name": "millisecond",
            "symbol": "ms",
          },
          "lengthUnit": Meter {
            "name": "meter",
            "symbol": "m",
          },
          "name": "meter per millisecond",
          "symbol": "m/ms",
        },
        "value": 0.04931284673411111,
      },
      "vario": Quantity {
        "unit": Speed {
          "durationUnit": Millisecond {
            "name": "millisecond",
            "symbol": "ms",
          },
          "lengthUnit": Meter {
            "name": "meter",
            "symbol": "m",
          },
          "name": "meter per millisecond",
          "symbol": "m/ms",
        },
        "value": -0.001,
      },
    },
    "heading": Quantity {
      "unit": Degree {
        "name": "degree",
        "symbol": "°",
      },
      "value": 25.583584219876457,
    },
    "position": Position {
      "altitude": Quantity {
        "unit": Meter {
          "name": "meter",
          "symbol": "m",
        },
        "value": 3138,
      },
      "latitude": Quantity {
        "unit": Degree {
          "name": "degree",
          "symbol": "°",
        },
        "value": -27.885983333333332,
      },
      "longitude": Quantity {
        "unit": Degree {
          "name": "degree",
          "symbol": "°",
        },
        "value": 26.338633333333334,
      },
    },
    "speed": Quantity {
      "unit": Speed {
        "durationUnit": Millisecond {
          "name": "millisecond",
          "symbol": "ms",
        },
        "lengthUnit": Meter {
          "name": "meter",
          "symbol": "m",
        },
        "name": "meter per millisecond",
        "symbol": "m/ms",
      },
      "value": 0.04931284673411111,
    },
    "state": "gliding",
    "timestamp": 2019-11-28T10:17:19.000Z,
    "vario": Quantity {
      "unit": Speed {
        "durationUnit": Millisecond {
          "name": "millisecond",
          "symbol": "ms",
        },
        "lengthUnit": Meter {
          "name": "meter",
          "symbol": "m",
        },
        "name": "meter per millisecond",
        "symbol": "m/ms",
      },
      "value": -0.001,
    },
  },
  Datum {
    "calculatedValues": Object {
      "heading": Quantity {
        "unit": Degree {
          "name": "degree",
          "symbol": "°",
        },
        "value": 27.275526074519746,
      },
      "speed": Quantity {
        "unit": Speed {
          "durationUnit": Millisecond {
            "name": "millisecond",
            "symbol": "ms",
          },
          "lengthUnit": Meter {
            "name": "meter",
            "symbol": "m",
          },
          "name": "meter per millisecond",
          "symbol": "m/ms",
        },
        "value": 0.05004205484192558,
      },
      "vario": Quantity {
        "unit": Speed {
          "durationUnit": Millisecond {
            "name": "millisecond",
            "symbol": "ms",
          },
          "lengthUnit": Meter {
            "name": "meter",
            "symbol": "m",
          },
          "name": "meter per millisecond",
          "symbol": "m/ms",
        },
        "value": 0,
      },
    },
    "heading": Quantity {
      "unit": Degree {
        "name": "degree",
        "symbol": "°",
      },
      "value": 27.275526074519746,
    },
    "position": Position {
      "altitude": Quantity {
        "unit": Meter {
          "name": "meter",
          "symbol": "m",
        },
        "value": 3138,
      },
      "latitude": Quantity {
        "unit": Degree {
          "name": "degree",
          "symbol": "°",
        },
        "value": -27.885583333333333,
      },
      "longitude": Quantity {
        "unit": Degree {
          "name": "degree",
          "symbol": "°",
        },
        "value": 26.338866666666668,
      },
    },
    "speed": Quantity {
      "unit": Speed {
        "durationUnit": Millisecond {
          "name": "millisecond",
          "symbol": "ms",
        },
        "lengthUnit": Meter {
          "name": "meter",
          "symbol": "m",
        },
        "name": "meter per millisecond",
        "symbol": "m/ms",
      },
      "value": 0.05004205484192558,
    },
    "state": "gliding",
    "timestamp": 2019-11-28T10:17:20.000Z,
    "vario": Quantity {
      "unit": Speed {
        "durationUnit": Millisecond {
          "name": "millisecond",
          "symbol": "ms",
        },
        "lengthUnit": Meter {
          "name": "meter",
          "symbol": "m",
        },
        "name": "meter per millisecond",
        "symbol": "m/ms",
      },
      "value": 0,
    },
  },
  Datum {
    "calculatedValues": Object {
      "heading": Quantity {
        "unit": Degree {
          "name": "degree",
          "symbol": "°",
        },
        "value": 28.91749450463078,
      },
      "speed": Quantity {
        "unit": Speed {
          "durationUnit": Millisecond {
            "name": "millisecond",
            "symbol": "ms",
          },
          "lengthUnit": Meter {
            "name": "meter",
            "symbol": "m",
          },
          "name": "meter per millisecond",
          "symbol": "m/ms",
        },
        "value": 0.05081363213515552,
      },
      "vario": Quantity {
        "unit": Speed {
          "durationUnit": Millisecond {
            "name": "millisecond",
            "symbol": "ms",
          },
          "lengthUnit": Meter {
            "name": "meter",
            "symbol": "m",
          },
          "name": "meter per millisecond",
          "symbol": "m/ms",
        },
        "value": 0.002,
      },
    },
    "heading": Quantity {
      "unit": Degree {
        "name": "degree",
        "symbol": "°",
      },
      "value": 28.91749450463078,
    },
    "position": Position {
      "altitude": Quantity {
        "unit": Meter {
          "name": "meter",
          "symbol": "m",
        },
        "value": 3140,
      },
      "latitude": Quantity {
        "unit": Degree {
          "name": "degree",
          "symbol": "°",
        },
        "value": -27.885183333333334,
      },
      "longitude": Quantity {
        "unit": Degree {
          "name": "degree",
          "symbol": "°",
        },
        "value": 26.339116666666666,
      },
    },
    "speed": Quantity {
      "unit": Speed {
        "durationUnit": Millisecond {
          "name": "millisecond",
          "symbol": "ms",
        },
        "lengthUnit": Meter {
          "name": "meter",
          "symbol": "m",
        },
        "name": "meter per millisecond",
        "symbol": "m/ms",
      },
      "value": 0.05081363213515552,
    },
    "state": "gliding",
    "timestamp": 2019-11-28T10:17:21.000Z,
    "vario": Quantity {
      "unit": Speed {
        "durationUnit": Millisecond {
          "name": "millisecond",
          "symbol": "ms",
        },
        "lengthUnit": Meter {
          "name": "meter",
          "symbol": "m",
        },
        "name": "meter per millisecond",
        "symbol": "m/ms",
      },
      "value": 0.002,
    },
  },
  Datum {
    "calculatedValues": Object {
      "heading": Quantity {
        "unit": Degree {
          "name": "degree",
          "symbol": "°",
        },
        "value": 28.917584090400226,
      },
      "speed": Quantity {
        "unit": Speed {
          "durationUnit": Millisecond {
            "name": "millisecond",
            "symbol": "ms",
          },
          "lengthUnit": Meter {
            "name": "meter",
            "symbol": "m",
          },
          "name": "meter per millisecond",
          "symbol": "m/ms",
        },
        "value": 0.05081367602554103,
      },
      "vario": Quantity {
        "unit": Speed {
          "durationUnit": Millisecond {
            "name": "millisecond",
            "symbol": "ms",
          },
          "lengthUnit": Meter {
            "name": "meter",
            "symbol": "m",
          },
          "name": "meter per millisecond",
          "symbol": "m/ms",
        },
        "value": 0.002,
      },
    },
    "heading": Quantity {
      "unit": Degree {
        "name": "degree",
        "symbol": "°",
      },
      "value": 28.917584090400226,
    },
    "position": Position {
      "altitude": Quantity {
        "unit": Meter {
          "name": "meter",
          "symbol": "m",
        },
        "value": 3142,
      },
      "latitude": Quantity {
        "unit": Degree {
          "name": "degree",
          "symbol": "°",
        },
        "value": -27.884783333333335,
      },
      "longitude": Quantity {
        "unit": Degree {
          "name": "degree",
          "symbol": "°",
        },
        "value": 26.339366666666667,
      },
    },
    "speed": Quantity {
      "unit": Speed {
        "durationUnit": Millisecond {
          "name": "millisecond",
          "symbol": "ms",
        },
        "lengthUnit": Meter {
          "name": "meter",
          "symbol": "m",
        },
        "name": "meter per millisecond",
        "symbol": "m/ms",
      },
      "value": 0.05081367602554103,
    },
    "state": "gliding",
    "timestamp": 2019-11-28T10:17:22.000Z,
    "vario": Quantity {
      "unit": Speed {
        "durationUnit": Millisecond {
          "name": "millisecond",
          "symbol": "ms",
        },
        "lengthUnit": Meter {
          "name": "meter",
          "symbol": "m",
        },
        "name": "meter per millisecond",
        "symbol": "m/ms",
      },
      "value": 0.002,
    },
  },
  Datum {
    "calculatedValues": Object {
      "heading": Quantity {
        "unit": Degree {
          "name": "degree",
          "symbol": "°",
        },
        "value": 31.586568329735655,
      },
      "speed": Quantity {
        "unit": Speed {
          "durationUnit": Millisecond {
            "name": "millisecond",
            "symbol": "ms",
          },
          "lengthUnit": Meter {
            "name": "meter",
            "symbol": "m",
          },
          "name": "meter per millisecond",
          "symbol": "m/ms",
        },
        "value": 0.05003790973807739,
      },
      "vario": Quantity {
        "unit": Speed {
          "durationUnit": Millisecond {
            "name": "millisecond",
            "symbol": "ms",
          },
          "lengthUnit": Meter {
            "name": "meter",
            "symbol": "m",
          },
          "name": "meter per millisecond",
          "symbol": "m/ms",
        },
        "value": 0.001,
      },
    },
    "heading": Quantity {
      "unit": Degree {
        "name": "degree",
        "symbol": "°",
      },
      "value": 31.586568329735655,
    },
    "position": Position {
      "altitude": Quantity {
        "unit": Meter {
          "name": "meter",
          "symbol": "m",
        },
        "value": 3143,
      },
      "latitude": Quantity {
        "unit": Degree {
          "name": "degree",
          "symbol": "°",
        },
        "value": -27.8844,
      },
      "longitude": Quantity {
        "unit": Degree {
          "name": "degree",
          "symbol": "°",
        },
        "value": 26.33963333333333,
      },
    },
    "speed": Quantity {
      "unit": Speed {
        "durationUnit": Millisecond {
          "name": "millisecond",
          "symbol": "ms",
        },
        "lengthUnit": Meter {
          "name": "meter",
          "symbol": "m",
        },
        "name": "meter per millisecond",
        "symbol": "m/ms",
      },
      "value": 0.05003790973807739,
    },
    "state": "gliding",
    "timestamp": 2019-11-28T10:17:23.000Z,
    "vario": Quantity {
      "unit": Speed {
        "durationUnit": Millisecond {
          "name": "millisecond",
          "symbol": "ms",
        },
        "lengthUnit": Meter {
          "name": "meter",
          "symbol": "m",
        },
        "name": "meter per millisecond",
        "symbol": "m/ms",
      },
      "value": 0.001,
    },
  },
  Datum {
    "calculatedValues": Object {
      "heading": Quantity {
        "unit": Degree {
          "name": "degree",
          "symbol": "°",
        },
        "value": 28.917759526044335,
      },
      "speed": Quantity {
        "unit": Speed {
          "durationUnit": Millisecond {
            "name": "millisecond",
            "symbol": "ms",
          },
          "lengthUnit": Meter {
            "name": "meter",
            "symbol": "m",
          },
          "name": "meter per millisecond",
          "symbol": "m/ms",
        },
        "value": 0.050813761977371204,
      },
      "vario": Quantity {
        "unit": Speed {
          "durationUnit": Millisecond {
            "name": "millisecond",
            "symbol": "ms",
          },
          "lengthUnit": Meter {
            "name": "meter",
            "symbol": "m",
          },
          "name": "meter per millisecond",
          "symbol": "m/ms",
        },
        "value": 0,
      },
    },
    "heading": Quantity {
      "unit": Degree {
        "name": "degree",
        "symbol": "°",
      },
      "value": 28.917759526044335,
    },
    "position": Position {
      "altitude": Quantity {
        "unit": Meter {
          "name": "meter",
          "symbol": "m",
        },
        "value": 3143,
      },
      "latitude": Quantity {
        "unit": Degree {
          "name": "degree",
          "symbol": "°",
        },
        "value": -27.884,
      },
      "longitude": Quantity {
        "unit": Degree {
          "name": "degree",
          "symbol": "°",
        },
        "value": 26.339883333333333,
      },
    },
    "speed": Quantity {
      "unit": Speed {
        "durationUnit": Millisecond {
          "name": "millisecond",
          "symbol": "ms",
        },
        "lengthUnit": Meter {
          "name": "meter",
          "symbol": "m",
        },
        "name": "meter per millisecond",
        "symbol": "m/ms",
      },
      "value": 0.050813761977371204,
    },
    "state": "gliding",
    "timestamp": 2019-11-28T10:17:24.000Z,
    "vario": Quantity {
      "unit": Speed {
        "durationUnit": Millisecond {
          "name": "millisecond",
          "symbol": "ms",
        },
        "lengthUnit": Meter {
          "name": "meter",
          "symbol": "m",
        },
        "name": "meter per millisecond",
        "symbol": "m/ms",
      },
      "value": 0,
    },
  },
  Datum {
    "calculatedValues": Object {
      "heading": Quantity {
        "unit": Degree {
          "name": "degree",
          "symbol": "°",
        },
        "value": 31.586753264162724,
      },
      "speed": Quantity {
        "unit": Speed {
          "durationUnit": Millisecond {
            "name": "millisecond",
            "symbol": "ms",
          },
          "lengthUnit": Meter {
            "name": "meter",
            "symbol": "m",
          },
          "name": "meter per millisecond",
          "symbol": "m/ms",
        },
        "value": 0.05003800904637852,
      },
      "vario": Quantity {
        "unit": Speed {
          "durationUnit": Millisecond {
            "name": "millisecond",
            "symbol": "ms",
          },
          "lengthUnit": Meter {
            "name": "meter",
            "symbol": "m",
          },
          "name": "meter per millisecond",
          "symbol": "m/ms",
        },
        "value": -0.001,
      },
    },
    "heading": Quantity {
      "unit": Degree {
        "name": "degree",
        "symbol": "°",
      },
      "value": 31.586753264162724,
    },
    "position": Position {
      "altitude": Quantity {
        "unit": Meter {
          "name": "meter",
          "symbol": "m",
        },
        "value": 3142,
      },
      "latitude": Quantity {
        "unit": Degree {
          "name": "degree",
          "symbol": "°",
        },
        "value": -27.88361666666667,
      },
      "longitude": Quantity {
        "unit": Degree {
          "name": "degree",
          "symbol": "°",
        },
        "value": 26.34015,
      },
    },
    "speed": Quantity {
      "unit": Speed {
        "durationUnit": Millisecond {
          "name": "millisecond",
          "symbol": "ms",
        },
        "lengthUnit": Meter {
          "name": "meter",
          "symbol": "m",
        },
        "name": "meter per millisecond",
        "symbol": "m/ms",
      },
      "value": 0.05003800904637852,
    },
    "state": "gliding",
    "timestamp": 2019-11-28T10:17:25.000Z,
    "vario": Quantity {
      "unit": Speed {
        "durationUnit": Millisecond {
          "name": "millisecond",
          "symbol": "ms",
        },
        "lengthUnit": Meter {
          "name": "meter",
          "symbol": "m",
        },
        "name": "meter per millisecond",
        "symbol": "m/ms",
      },
      "value": -0.001,
    },
  },
  Datum {
    "calculatedValues": Object {
      "heading": Quantity {
        "unit": Degree {
          "name": "degree",
          "symbol": "°",
        },
        "value": 29.961606085885933,
      },
      "speed": Quantity {
        "unit": Speed {
          "durationUnit": Millisecond {
            "name": "millisecond",
            "symbol": "ms",
          },
          "lengthUnit": Meter {
            "name": "meter",
            "symbol": "m",
          },
          "name": "meter per millisecond",
          "symbol": "m/ms",
        },
        "value": 0.04919983377844325,
      },
      "vario": Quantity {
        "unit": Speed {
          "durationUnit": Millisecond {
            "name": "millisecond",
            "symbol": "ms",
          },
          "lengthUnit": Meter {
            "name": "meter",
            "symbol": "m",
          },
          "name": "meter per millisecond",
          "symbol": "m/ms",
        },
        "value": -0.003,
      },
    },
    "heading": Quantity {
      "unit": Degree {
        "name": "degree",
        "symbol": "°",
      },
      "value": 29.961606085885933,
    },
    "position": Position {
      "altitude": Quantity {
        "unit": Meter {
          "name": "meter",
          "symbol": "m",
        },
        "value": 3139,
      },
      "latitude": Quantity {
        "unit": Degree {
          "name": "degree",
          "symbol": "°",
        },
        "value": -27.883233333333333,
      },
      "longitude": Quantity {
        "unit": Degree {
          "name": "degree",
          "symbol": "°",
        },
        "value": 26.3404,
      },
    },
    "speed": Quantity {
      "unit": Speed {
        "durationUnit": Millisecond {
          "name": "millisecond",
          "symbol": "ms",
        },
        "lengthUnit": Meter {
          "name": "meter",
          "symbol": "m",
        },
        "name": "meter per millisecond",
        "symbol": "m/ms",
      },
      "value": 0.04919983377844325,
    },
    "state": "gliding",
    "timestamp": 2019-11-28T10:17:26.000Z,
    "vario": Quantity {
      "unit": Speed {
        "durationUnit": Millisecond {
          "name": "millisecond",
          "symbol": "ms",
        },
        "lengthUnit": Meter {
          "name": "meter",
          "symbol": "m",
        },
        "name": "meter per millisecond",
        "symbol": "m/ms",
      },
      "value": -0.003,
    },
  },
  Datum {
    "calculatedValues": Object {
      "heading": Quantity {
        "unit": Degree {
          "name": "degree",
          "symbol": "°",
        },
        "value": 30.50954519835875,
      },
      "speed": Quantity {
        "unit": Speed {
          "durationUnit": Millisecond {
            "name": "millisecond",
            "symbol": "ms",
          },
          "lengthUnit": Meter {
            "name": "meter",
            "symbol": "m",
          },
          "name": "meter per millisecond",
          "symbol": "m/ms",
        },
        "value": 0.051625919713090995,
      },
      "vario": Quantity {
        "unit": Speed {
          "durationUnit": Millisecond {
            "name": "millisecond",
            "symbol": "ms",
          },
          "lengthUnit": Meter {
            "name": "meter",
            "symbol": "m",
          },
          "name": "meter per millisecond",
          "symbol": "m/ms",
        },
        "value": -0.004,
      },
    },
    "heading": Quantity {
      "unit": Degree {
        "name": "degree",
        "symbol": "°",
      },
      "value": 30.50954519835875,
    },
    "position": Position {
      "altitude": Quantity {
        "unit": Meter {
          "name": "meter",
          "symbol": "m",
        },
        "value": 3135,
      },
      "latitude": Quantity {
        "unit": Degree {
          "name": "degree",
          "symbol": "°",
        },
        "value": -27.882833333333334,
      },
      "longitude": Quantity {
        "unit": Degree {
          "name": "degree",
          "symbol": "°",
        },
        "value": 26.340666666666667,
      },
    },
    "speed": Quantity {
      "unit": Speed {
        "durationUnit": Millisecond {
          "name": "millisecond",
          "symbol": "ms",
        },
        "lengthUnit": Meter {
          "name": "meter",
          "symbol": "m",
        },
        "name": "meter per millisecond",
        "symbol": "m/ms",
      },
      "value": 0.051625919713090995,
    },
    "state": "gliding",
    "timestamp": 2019-11-28T10:17:27.000Z,
    "vario": Quantity {
      "unit": Speed {
        "durationUnit": Millisecond {
          "name": "millisecond",
          "symbol": "ms",
        },
        "lengthUnit": Meter {
          "name": "meter",
          "symbol": "m",
        },
        "name": "meter per millisecond",
        "symbol": "m/ms",
      },
      "value": -0.004,
    },
  },
  Datum {
    "calculatedValues": Object {
      "heading": Quantity {
        "unit": Degree {
          "name": "degree",
          "symbol": "°",
        },
        "value": 31.587028687971326,
      },
      "speed": Quantity {
        "unit": Speed {
          "durationUnit": Millisecond {
            "name": "millisecond",
            "symbol": "ms",
          },
          "lengthUnit": Meter {
            "name": "meter",
            "symbol": "m",
          },
          "name": "meter per millisecond",
          "symbol": "m/ms",
        },
        "value": 0.05003815694906563,
      },
      "vario": Quantity {
        "unit": Speed {
          "durationUnit": Millisecond {
            "name": "millisecond",
            "symbol": "ms",
          },
          "lengthUnit": Meter {
            "name": "meter",
            "symbol": "m",
          },
          "name": "meter per millisecond",
          "symbol": "m/ms",
        },
        "value": -0.003,
      },
    },
    "heading": Quantity {
      "unit": Degree {
        "name": "degree",
        "symbol": "°",
      },
      "value": 31.587028687971326,
    },
    "position": Position {
      "altitude": Quantity {
        "unit": Meter {
          "name": "meter",
          "symbol": "m",
        },
        "value": 3132,
      },
      "latitude": Quantity {
        "unit": Degree {
          "name": "degree",
          "symbol": "°",
        },
        "value": -27.88245,
      },
      "longitude": Quantity {
        "unit": Degree {
          "name": "degree",
          "symbol": "°",
        },
        "value": 26.340933333333332,
      },
    },
    "speed": Quantity {
      "unit": Speed {
        "durationUnit": Millisecond {
          "name": "millisecond",
          "symbol": "ms",
        },
        "lengthUnit": Meter {
          "name": "meter",
          "symbol": "m",
        },
        "name": "meter per millisecond",
        "symbol": "m/ms",
      },
      "value": 0.05003815694906563,
    },
    "state": "gliding",
    "timestamp": 2019-11-28T10:17:28.000Z,
    "vario": Quantity {
      "unit": Speed {
        "durationUnit": Millisecond {
          "name": "millisecond",
          "symbol": "ms",
        },
        "lengthUnit": Meter {
          "name": "meter",
          "symbol": "m",
        },
        "name": "meter per millisecond",
        "symbol": "m/ms",
      },
      "value": -0.003,
    },
  },
  Datum {
    "calculatedValues": Object {
      "heading": Quantity {
        "unit": Degree {
          "name": "degree",
          "symbol": "°",
        },
        "value": 32.05081850917958,
      },
      "speed": Quantity {
        "unit": Speed {
          "durationUnit": Millisecond {
            "name": "millisecond",
            "symbol": "ms",
          },
          "lengthUnit": Meter {
            "name": "meter",
            "symbol": "m",
          },
          "name": "meter per millisecond",
          "symbol": "m/ms",
        },
        "value": 0.05247663953194351,
      },
      "vario": Quantity {
        "unit": Speed {
          "durationUnit": Millisecond {
            "name": "millisecond",
            "symbol": "ms",
          },
          "lengthUnit": Meter {
            "name": "meter",
            "symbol": "m",
          },
          "name": "meter per millisecond",
          "symbol": "m/ms",
        },
        "value": -0.003,
      },
    },
    "heading": Quantity {
      "unit": Degree {
        "name": "degree",
        "symbol": "°",
      },
      "value": 32.05081850917958,
    },
    "position": Position {
      "altitude": Quantity {
        "unit": Meter {
          "name": "meter",
          "symbol": "m",
        },
        "value": 3129,
      },
      "latitude": Quantity {
        "unit": Degree {
          "name": "degree",
          "symbol": "°",
        },
        "value": -27.88205,
      },
      "longitude": Quantity {
        "unit": Degree {
          "name": "degree",
          "symbol": "°",
        },
        "value": 26.341216666666668,
      },
    },
    "speed": Quantity {
      "unit": Speed {
        "durationUnit": Millisecond {
          "name": "millisecond",
          "symbol": "ms",
        },
        "lengthUnit": Meter {
          "name": "meter",
          "symbol": "m",
        },
        "name": "meter per millisecond",
        "symbol": "m/ms",
      },
      "value": 0.05247663953194351,
    },
    "state": "gliding",
    "timestamp": 2019-11-28T10:17:29.000Z,
    "vario": Quantity {
      "unit": Speed {
        "durationUnit": Millisecond {
          "name": "millisecond",
          "symbol": "ms",
        },
        "lengthUnit": Meter {
          "name": "meter",
          "symbol": "m",
        },
        "name": "meter per millisecond",
        "symbol": "m/ms",
      },
      "value": -0.003,
    },
  },
]
`;
